--- warmup=8 ---
ノイズ床（帰無実験）: 0.0700 ns/分岐  （これより小さい差は有意でない）
       5     11        0    2.2666  0.2340    2.7752  0.2060   +0.5086   yes
       6     13        0    2.6232  0.0935    2.7529  0.1825   +0.1297   yes
       7     15        0    2.7313  0.0782    2.7402  0.1723   +0.0089    no
       8     17        0    2.7587  0.1825    2.7587  0.0845   +0.0000    no
       9     19        0    2.7974  0.1901    2.7796  0.0629   -0.0178    no
--- warmup=64 ---
ノイズ床（帰無実験）: 0.0808 ns/分岐  （これより小さい差は有意でない）
       5     11        0    2.1063  0.3967    2.7536  0.2168   +0.6473   yes
       6     13        0    2.5603  0.2098    2.7892  0.0515   +0.2289   yes
       7     15        0    2.7180  0.1201    2.7396  0.1068   +0.0216    no
       8     17        0    2.7377  0.1691    2.7084  0.2251   -0.0293    no
       9     19        0    2.7548  0.1571    2.7339  0.1208   -0.0209    no
--- warmup=512 ---
ノイズ床（帰無実験）: 0.1980 ns/分岐  （これより小さい差は有意でない）
       5     11        0    1.9639  0.3319    2.6264  0.3071   +0.6625   yes
       6     13        0    2.3060  0.3917    2.4942  0.2530   +0.1882    no
       7     15        0    2.4401  0.2601    2.5902  0.2397   +0.1501    no
       8     17        0    2.5012  0.1735    2.6830  0.2905   +0.1818    no
       9     19        0    2.3963  0.2620    2.4916  0.2416   +0.0953    no
