ノイズ床（帰無実験）: 0.0652 ns/分岐  （これより小さい差は有意でない）

      p1       p2   test_ns     iqr    ctl_ns     iqr   diff_ns    有意
       3        0    1.8743  0.1354    3.1083  0.0706   +1.2340   yes
      19        0    3.1637  0.0496    3.1236  0.0960   -0.0401    no
      35        0    3.1160  0.0947    3.1560  0.1367   +0.0400    no
      51        0    3.1605  0.1259    3.1643  0.1259   +0.0038    no
      67        0    3.1071  0.0973    3.1281  0.0509   +0.0210    no
      83        0    3.1363  0.0884    3.1541  0.0776   +0.0178    no
      99        0    3.1102  0.0794    3.0874  0.1119   -0.0228    no
     115        0    3.1516  0.1132    3.1904  0.1195   +0.0388    no
     131        0    3.1306  0.0604    3.0956  0.1004   -0.0350    no
     147        0    3.1465  0.1519    3.1745  0.1456   +0.0280    no
     163        0    3.1325  0.1304    3.1446  0.0821   +0.0121    no
     179        0    3.1249  0.1462    3.1071  0.0579   -0.0178    no
     195        0    3.1522  0.1577    3.1395  0.1558   -0.0127    no
     211        0    3.1204  0.0827    3.1141  0.0305   -0.0063    no
     227        0    3.1376  0.0840    3.1236  0.0934   -0.0140    no
     243        0    3.1350  0.0967    3.1465  0.1609   +0.0115    no

history_length/results/histd_coarse_seed1.csv に書き出しました
history_length/results/histd_coarse_seed1.csv.meta.txt に環境情報を記録しました
