=== 詰め物ありでのパターン長校正（histd --control = 純ランダム）===
               pad=0       pad=1       pad=2       pad=4
32768          3.304       3.536       3.750       4.677
262144         3.462       4.073       4.901       6.029
1048576        3.427       3.785       3.928       4.901

=== 境界の粗探索（ctx K=2, patlen=262144, 独立 3 回）===
予測（全条件分岐が 1 スロット消費）: 境界 = H/(2+P)、H=132 → P=1:44 P=2:33 P=4:22
--- pad=0 ---
   60     1.51    2.45    2.24
   66     2.58    2.80    2.54
   72     0.00    0.28   -0.01
--- pad=1 ---
   30     2.94    3.31    2.51
   40     3.33    2.73    2.41
   44    -0.24   -0.45   -0.40
   50    -0.46   -0.01    0.65
   60     0.05   -0.35   -1.38
   66     0.61    0.32   -0.29
   72     0.14    0.80    0.30
--- pad=2 ---
   20     2.64    2.40    2.42
   28     1.98    2.51    2.52
   33     0.46   -0.01   -0.39
   40    -0.30    0.24   -0.22
   50    -0.94    0.37   -0.30
   66     0.92   -0.88   -0.39
--- pad=4 ---
   14     2.84    2.94    2.94
   18     2.94    2.86    2.71
   22    -0.47    0.33    0.01
   30    -0.33   -0.57    0.05
   40     0.10--- pad=1 dir=1 （独立 5 回、標的あたり ns）---
  D=42   (2+P)*D=126    -0.10  -0.37  -0.16  -0.49   0.03
  D=43   (2+P)*D=129     0.52   0.08  -0.06  -0.76   0.14
  D=44   (2+P)*D=132    -0.13   0.32   1.16  -0.34   0.17
  D=45   (2+P)*D=135    -0.19  -0.52   1.12   0.01  -0.01
--- pad=1 dir=1 （独立 5 回、標的あたり ns）---
  D=40   (2+P)*D=120     2.56   3.39   2.72   2.30   2.58
  D=41   (2+P)*D=123    -0.13  -0.10  -0.57   0.64   0.41
--- pad=2 dir=1 （独立 5 回、標的あたり ns）---
  D=30   (2+P)*D=120     0.72   0.14  -0.03   0.12  -0.25
  D=31   (2+P)*D=124    -0.28   0.09  -0.22  -0.12  -0.34
  D=32   (2+P)*D=128     0.18  -0.01   0.50  -0.03  -0.03
--- pad=4 dir=0 （独立 5 回、標的あたり ns）---
  D=22   (2+P)*D=132     2.32   2.26   2.32   2.05   2.39
  D=60   (2+P)*D=360     2.37   1.93   2.55   2.11   2.80
  D=66   (2+P)*D=396     2.49   2.79   2.49   3.26   2.75
  D=67   (2+P)*D=402    -0.03   0.17   0.35   0.33   0.21
--- pad=4 dir=1 （独立 5 回、標的あたり ns）---
  D=18   (2+P)*D=108     2.45   2.53   2.84   2.75   2.93
  D=19   (2+P)*D=114    -0.33  -0.26  -0.37  -0.12  -0.01
--- pad=2 dir=0 （独立 5 回、標的あたり ns）---
  D=66   (2+P)*D=264     2.32   2.99   1.72   1.52   2.20
  D=67   (2+P)*D=268    -0.10   0.02   0.18   0.18   0.15
warmup=8    D=66     2.84   2.81   2.57
warmup=8    D=67    -1.28  -0.29   0.44
warmup=64   D=66     3.42   2.55   2.95
warmup=64   D=67     0.25  -1.48   0.07
warmup=512  D=66     3.76   2.68   2.71
warmup=512  D=67    -0.09  -1.77   1.28
