--- S=1 ---
     D 標的あたり ns（独立 3 回）
    54    +2.61   +2.84   +2.19
    60    +2.42   +2.32   +2.35
    66    +2.57   +2.55   +2.95
    72    -0.63   -0.25   +0.16
    78    -0.23   +0.17   +0.66
    84    +0.26   -0.66   -0.26
--- S=2 ---
     D 標的あたり ns（独立 3 回）
    84    +2.32   +2.47   +2.51
    90    +2.27   +1.74   +2.07
    96    +1.33   +1.86   +2.43
   104    -0.04   -0.65   -0.05
   112    +0.12   -0.69   -0.09
   120    +0.05   -0.07   +0.45
--- S=8 ---
     D 標的あたり ns（独立 3 回）
    60    +1.34   +1.11   +1.45
    70    +1.21   +0.63   +1.16
    80    +0.88   +1.58   +0.61
    90    +0.36   +0.40   +0.66
   100    +1.08   +0.04   +1.12
   110    +0.30   +0.54   +0.29
--- S=8 で (D+1) が S の倍数（標的サイト・整列が固定）---
     D スロット 標的あたり ns（独立 3 回）
    63       70    +0.31   +0.44   +0.60
    71       79    +0.04   +0.34   +0.16
    79       88    +0.22   +0.22   -0.05
    95      106    -0.05   +0.12   +0.03
   111      124    -0.24   -0.13   -0.16
   119      133    +0.24   +0.22   +0.29
   127      142    +0.22   -0.28   -0.09
   135      151    -0.01   +0.12   -1.89
--- S=64 で (D+1) が S の倍数（標的サイト・整列が固定）---
     D スロット 標的あたり ns（独立 3 回）
    63       63    +0.35   +0.06   +0.12
   127      128    +0.50   -0.06   -0.18
   191      193    +0.00   -0.54   -0.21
   255      258    +0.28   -0.26   +0.31
--- S=4（予測: 境界 106〜115 要素 / スロット模型）---
     D スロット 標的あたり ns（独立 3 回）
    84      105    +1.60   +2.20   +1.73
    96      120    +1.76   +1.07   +1.78
   104      130    +1.49   +2.66   +3.15
   112      140    +2.85   +3.12   +2.37
   120      150    +2.36   +3.06   +2.72
   132      165    +0.08   +0.00   -0.33
