ノイズ床（帰無実験）: 0.0454 ns/分岐  （これより小さい差は有意でない）

      p1   2d+1要素       p2   test_ns     iqr    ctl_ns     iqr   diff_ns    有意   異常
       1        3        0    1.8103  0.0271    3.0216  0.0260   +1.2113   yes     
       2        5        0    1.7985  0.0190    3.0089  0.0214   +1.2104   yes     
       3        7        0    1.8362  0.0357    3.0137  0.0296   +1.1775   yes     
       4        9        0    1.8958  0.0564    3.0576  0.0609   +1.1618   yes     
       5       11        0    2.4570  0.1028    3.0398  0.0380   +0.5828   yes     
       6       13        0    2.8529  0.0484    3.0242  0.0194   +0.1713   yes     
       7       15        0    2.9968  0.0332    3.0188  0.0427   +0.0220    no     
       8       17        0    3.0371  0.0377    3.0339  0.0522   -0.0032    no     
       9       19        0    3.0315  0.0336    3.0237  0.0512   -0.0078    no     
      10       21        0    3.0272  0.0397    3.0154  0.0698   -0.0118    no     
      11       23        0    3.0119  0.0445    3.0196  0.0378   +0.0077    no     
      12       25        0    3.0213  0.0261    3.0125  0.0294   -0.0088    no     
      13       27        0    3.0442  0.0979    3.0411  0.1337   -0.0031    no     
      14       29        0    3.0380  0.0723    3.0565  0.0737   +0.0185    no     
      15       31        0    3.0172  0.0415    3.0104  0.0318   -0.0068    no     
      16       33        0    3.0578  0.0623    3.0619  0.0283   +0.0041    no     
      17       35        0    3.0260  0.0521    3.0337  0.0476   +0.0077    no     
      18       37        0    3.0374  0.0308    3.0314  0.0307   -0.0060    no     
      19       39        0    3.0154  0.0331    3.0182  0.0121   +0.0028    no     
      20       41        0    3.0214  0.0190    3.0162  0.0263   -0.0052    no     
      21       43        0    3.0243  0.0238    3.0235  0.0314   -0.0008    no     
      22       45        0    3.0356  0.0331    3.0181  0.0366   -0.0175    no     
      23       47        0    3.0341  0.0504    3.0319  0.0791   -0.0022    no     
      24       49        0    3.0179  0.0229    3.0061  0.0266   -0.0118    no     
      25       51        0    3.0225  0.0235    3.0194  0.0265   -0.0031    no     
      26       53        0    3.0050  0.0164    3.0056  0.0303   +0.0006    no     
      27       55        0    3.0272  0.0355    3.0126  0.0252   -0.0146    no     
      28       57        0    3.0202  0.0280    3.0119  0.0187   -0.0083    no     
      29       59        0    3.0214  0.0288    3.0225  0.0270   +0.0011    no     
      30       61        0    3.0506  0.0684    3.0593  0.1419   +0.0087    no     
      31       63        0    3.0283  0.0455    3.0318  0.0371   +0.0035    no     
      32       65        0    3.0317  0.0312    3.0213  0.0349   -0.0104    no     
      33       67        0    3.0096  0.0296    3.0239  0.0431   +0.0143    no     
      34       69        0    3.0127  0.0319    3.0034  0.0264   -0.0093    no     
      35       71        0    3.0174  0.0356    3.0088  0.0332   -0.0086    no     
      36       73        0    3.0141  0.0328    2.9973  0.0235   -0.0168    no     
      37       75        0    3.0233  0.0272    3.0174  0.0462   -0.0059    no     
      38       77        0    3.0208  0.0282    3.0166  0.0246   -0.0042    no     
      39       79        0    3.0193  0.0256    3.0181  0.0199   -0.0012    no     
      40       81        0    3.0260  0.0244    3.0185  0.0185   -0.0075    no     
      41       83        0    3.0247  0.0184    3.0232  0.0247   -0.0015    no     
      42       85        0    3.0245  0.0135    3.0168  0.0274   -0.0077    no     
      43       87        0    3.0290  0.0123    3.0182  0.0204   -0.0108    no     
      44       89        0    3.0206  0.0547    3.0305  0.0343   +0.0099    no     
      45       91        0    3.0185  0.0180    3.0202  0.0138   +0.0017    no     
      46       93        0    3.0125  0.0289    3.0197  0.0216   +0.0072    no     
      47       95        0    3.0239  0.0233    3.0161  0.0169   -0.0078    no     
      48       97        0    3.0141  0.0268    3.0112  0.0293   -0.0029    no     
      49       99        0    3.0403  0.1492    3.0275  0.0469   -0.0128    no     
      50      101        0    3.0469  0.0293    3.0379  0.0190   -0.0090    no     
      51      103        0    3.0015  0.0156    3.0075  0.0179   +0.0060    no     
      52      105        0    3.0217  0.0567    3.0203  0.0425   -0.0014    no     
      53      107        0    3.0096  0.0312    3.0127  0.0267   +0.0031    no     
      54      109        0    3.0201  0.0229    3.0169  0.0151   -0.0032    no     
      55      111        0    3.0146  0.0465    3.0087  0.0530   -0.0059    no     
      56      113        0    3.0150  0.0247    3.0062  0.0180   -0.0088    no     
      57      115        0    3.0132  0.0194    3.0160  0.0326   +0.0028    no     
      58      117        0    3.0212  0.1529    3.0204  0.0850   -0.0008    no     
      59      119        0    3.0481  0.0519    3.0501  0.0397   +0.0020    no     
      60      121        0    3.0526  0.0327    3.0457  0.0663   -0.0069    no     
      61      123        0    3.0427  0.0451    3.0421  0.0630   -0.0006    no     
      62      125        0    3.0352  0.0462    3.0326  0.0337   -0.0026    no     
      63      127        0    3.0167  0.0209    3.0125  0.0264   -0.0042    no     
      64      129        0    3.0146  0.0250    3.0207  0.0261   +0.0061    no     

history_length/results/verify_cross.csv に書き出しました
history_length/results/verify_cross.csv.meta.txt に環境情報を記録しました
